[2J[1;3H
  646 passing (18s)

